// Jest Snapshot v1, https://goo.gl/fbAQLP

exports[`Result Component should match the snapshot 1`] = `undefined`;
