// Jest Snapshot v1, https://goo.gl/fbAQLP

exports[`Quiz Component should match the snapshot 1`] = `
ShallowWrapper {
  Symbol(enzyme.__root__): [Circular],
  Symbol(enzyme.__unrendered__): <Quiz />,
  Symbol(enzyme.__renderer__): Object {
    "batchedUpdates": [Function],
    "getNode": [Function],
    "render": [Function],
    "simulateError": [Function],
    "simulateEvent": [Function],
    "unmount": [Function],
  },
  Symbol(enzyme.__node__): Object {
    "instance": null,
    "key": "1",
    "nodeType": "host",
    "props": Object {
      "children": Array [
        <h1>
          Take the Quiz and match a Marvel Character!
        </h1>,
        <QuizContainer
          answer=""
          answerOptions={
            Array [
              Object {
                "content": "Blue",
                "type": "blueEyedHeroes",
              },
              Object {
                "content": "Brown",
                "type": "brownEyedHeroes",
              },
              Object {
                "content": "Green",
                "type": "greenEyedHeroes",
              },
              Object {
                "content": "Other",
                "type": "otherColoredEyedHeroes",
              },
            ]
          }
          onAnswerSelected={[Function]}
          question="What color are your eyes?"
          questionId={1}
          questionTotal={3}
        />,
      ],
      "className": "quiz-wrapper",
    },
    "ref": null,
    "rendered": Array [
      Object {
        "instance": null,
        "key": undefined,
        "nodeType": "host",
        "props": Object {
          "children": "Take the Quiz and match a Marvel Character!",
        },
        "ref": null,
        "rendered": "Take the Quiz and match a Marvel Character!",
        "type": "h1",
      },
      Object {
        "instance": null,
        "key": undefined,
        "nodeType": "function",
        "props": Object {
          "answer": "",
          "answerOptions": Array [
            Object {
              "content": "Blue",
              "type": "blueEyedHeroes",
            },
            Object {
              "content": "Brown",
              "type": "brownEyedHeroes",
            },
            Object {
              "content": "Green",
              "type": "greenEyedHeroes",
            },
            Object {
              "content": "Other",
              "type": "otherColoredEyedHeroes",
            },
          ],
          "onAnswerSelected": [Function],
          "question": "What color are your eyes?",
          "questionId": 1,
          "questionTotal": 3,
        },
        "ref": null,
        "rendered": null,
        "type": [Function],
      },
    ],
    "type": "div",
  },
  Symbol(enzyme.__nodes__): Array [
    Object {
      "instance": null,
      "key": "1",
      "nodeType": "host",
      "props": Object {
        "children": Array [
          <h1>
            Take the Quiz and match a Marvel Character!
          </h1>,
          <QuizContainer
            answer=""
            answerOptions={
              Array [
                Object {
                  "content": "Blue",
                  "type": "blueEyedHeroes",
                },
                Object {
                  "content": "Brown",
                  "type": "brownEyedHeroes",
                },
                Object {
                  "content": "Green",
                  "type": "greenEyedHeroes",
                },
                Object {
                  "content": "Other",
                  "type": "otherColoredEyedHeroes",
                },
              ]
            }
            onAnswerSelected={[Function]}
            question="What color are your eyes?"
            questionId={1}
            questionTotal={3}
          />,
        ],
        "className": "quiz-wrapper",
      },
      "ref": null,
      "rendered": Array [
        Object {
          "instance": null,
          "key": undefined,
          "nodeType": "host",
          "props": Object {
            "children": "Take the Quiz and match a Marvel Character!",
          },
          "ref": null,
          "rendered": "Take the Quiz and match a Marvel Character!",
          "type": "h1",
        },
        Object {
          "instance": null,
          "key": undefined,
          "nodeType": "function",
          "props": Object {
            "answer": "",
            "answerOptions": Array [
              Object {
                "content": "Blue",
                "type": "blueEyedHeroes",
              },
              Object {
                "content": "Brown",
                "type": "brownEyedHeroes",
              },
              Object {
                "content": "Green",
                "type": "greenEyedHeroes",
              },
              Object {
                "content": "Other",
                "type": "otherColoredEyedHeroes",
              },
            ],
            "onAnswerSelected": [Function],
            "question": "What color are your eyes?",
            "questionId": 1,
            "questionTotal": 3,
          },
          "ref": null,
          "rendered": null,
          "type": [Function],
        },
      ],
      "type": "div",
    },
  ],
  Symbol(enzyme.__options__): Object {
    "adapter": ReactSixteenAdapter {
      "options": Object {
        "enableComponentDidUpdateOnSetState": true,
        "lifecycles": Object {
          "componentDidUpdate": Object {
            "onSetState": true,
          },
          "getDerivedStateFromProps": true,
          "getSnapshotBeforeUpdate": true,
          "setState": Object {
            "skipsComponentDidUpdateOnNullish": true,
          },
        },
      },
    },
  },
}
`;
