// Jest Snapshot v1, https://goo.gl/fbAQLP

exports[`QuizContainer Component should match the snapshot 1`] = `
<div
  className="quiz-container"
>
  <QuestionCount
    counter={0}
    total={0}
  />
  <Question
    text=""
  />
  <ul
    className="answer-options"
  />
</div>
`;
