// Jest Snapshot v1, https://goo.gl/fbAQLP

exports[`App Component should match the snapshot 1`] = `
<div
  className="App"
>
  <BrowserRouter>
    <Switch>
      <Route
        component={[Function]}
        exact={true}
        path="/quiz-land"
      />
      <Route
        component={[Function]}
        exact={true}
        path="/quiz"
      />
      <Route
        component={[Function]}
        exact={true}
        path="/"
      />
      <Route
        component={[Function]}
      />
    </Switch>
  </BrowserRouter>
  <footer>
    <p>
      "Data provided by Marvel. Â© 2014 Marvel"
    </p>
  </footer>
</div>
`;
