// Jest Snapshot v1, https://goo.gl/fbAQLP

exports[`ErrorPage Component should match the snapshot 1`] = `
ShallowWrapper {
  Symbol(enzyme.__root__): [Circular],
  Symbol(enzyme.__unrendered__): <ErrorPage />,
  Symbol(enzyme.__renderer__): Object {
    "batchedUpdates": [Function],
    "getNode": [Function],
    "render": [Function],
    "simulateError": [Function],
    "simulateEvent": [Function],
    "unmount": [Function],
  },
  Symbol(enzyme.__node__): Object {
    "instance": null,
    "key": undefined,
    "nodeType": "host",
    "props": Object {
      "children": Array [
        <NavLink
          activeClassName="active"
          aria-current="page"
          className="nav"
          to="/Home"
        >
          <p
            className="home-link"
          >
            Back To Home
          </p>
        </NavLink>,
        <div
          className="warning-container"
        >
          <h1>
            404: I AM GROOT!
          </h1>
          <p
            className="translation"
          >
            Translation: Not quite sure where you were headed, friend, but this path leads to Knowhere and you'll never survive the trip!
          </p>
        </div>,
      ],
      "className": "error-wrapper",
    },
    "ref": null,
    "rendered": Array [
      Object {
        "instance": null,
        "key": undefined,
        "nodeType": "function",
        "props": Object {
          "activeClassName": "active",
          "aria-current": "page",
          "children": <p
            className="home-link"
          >
            Back To Home
          </p>,
          "className": "nav",
          "to": "/Home",
        },
        "ref": null,
        "rendered": Object {
          "instance": null,
          "key": undefined,
          "nodeType": "host",
          "props": Object {
            "children": "Back To Home",
            "className": "home-link",
          },
          "ref": null,
          "rendered": "Back To Home",
          "type": "p",
        },
        "type": [Function],
      },
      Object {
        "instance": null,
        "key": undefined,
        "nodeType": "host",
        "props": Object {
          "children": Array [
            <h1>
              404: I AM GROOT!
            </h1>,
            <p
              className="translation"
            >
              Translation: Not quite sure where you were headed, friend, but this path leads to Knowhere and you'll never survive the trip!
            </p>,
          ],
          "className": "warning-container",
        },
        "ref": null,
        "rendered": Array [
          Object {
            "instance": null,
            "key": undefined,
            "nodeType": "host",
            "props": Object {
              "children": "404: I AM GROOT!",
            },
            "ref": null,
            "rendered": "404: I AM GROOT!",
            "type": "h1",
          },
          Object {
            "instance": null,
            "key": undefined,
            "nodeType": "host",
            "props": Object {
              "children": "Translation: Not quite sure where you were headed, friend, but this path leads to Knowhere and you'll never survive the trip!",
              "className": "translation",
            },
            "ref": null,
            "rendered": "Translation: Not quite sure where you were headed, friend, but this path leads to Knowhere and you'll never survive the trip!",
            "type": "p",
          },
        ],
        "type": "div",
      },
    ],
    "type": "div",
  },
  Symbol(enzyme.__nodes__): Array [
    Object {
      "instance": null,
      "key": undefined,
      "nodeType": "host",
      "props": Object {
        "children": Array [
          <NavLink
            activeClassName="active"
            aria-current="page"
            className="nav"
            to="/Home"
          >
            <p
              className="home-link"
            >
              Back To Home
            </p>
          </NavLink>,
          <div
            className="warning-container"
          >
            <h1>
              404: I AM GROOT!
            </h1>
            <p
              className="translation"
            >
              Translation: Not quite sure where you were headed, friend, but this path leads to Knowhere and you'll never survive the trip!
            </p>
          </div>,
        ],
        "className": "error-wrapper",
      },
      "ref": null,
      "rendered": Array [
        Object {
          "instance": null,
          "key": undefined,
          "nodeType": "function",
          "props": Object {
            "activeClassName": "active",
            "aria-current": "page",
            "children": <p
              className="home-link"
            >
              Back To Home
            </p>,
            "className": "nav",
            "to": "/Home",
          },
          "ref": null,
          "rendered": Object {
            "instance": null,
            "key": undefined,
            "nodeType": "host",
            "props": Object {
              "children": "Back To Home",
              "className": "home-link",
            },
            "ref": null,
            "rendered": "Back To Home",
            "type": "p",
          },
          "type": [Function],
        },
        Object {
          "instance": null,
          "key": undefined,
          "nodeType": "host",
          "props": Object {
            "children": Array [
              <h1>
                404: I AM GROOT!
              </h1>,
              <p
                className="translation"
              >
                Translation: Not quite sure where you were headed, friend, but this path leads to Knowhere and you'll never survive the trip!
              </p>,
            ],
            "className": "warning-container",
          },
          "ref": null,
          "rendered": Array [
            Object {
              "instance": null,
              "key": undefined,
              "nodeType": "host",
              "props": Object {
                "children": "404: I AM GROOT!",
              },
              "ref": null,
              "rendered": "404: I AM GROOT!",
              "type": "h1",
            },
            Object {
              "instance": null,
              "key": undefined,
              "nodeType": "host",
              "props": Object {
                "children": "Translation: Not quite sure where you were headed, friend, but this path leads to Knowhere and you'll never survive the trip!",
                "className": "translation",
              },
              "ref": null,
              "rendered": "Translation: Not quite sure where you were headed, friend, but this path leads to Knowhere and you'll never survive the trip!",
              "type": "p",
            },
          ],
          "type": "div",
        },
      ],
      "type": "div",
    },
  ],
  Symbol(enzyme.__options__): Object {
    "adapter": ReactSixteenAdapter {
      "options": Object {
        "enableComponentDidUpdateOnSetState": true,
        "lifecycles": Object {
          "componentDidUpdate": Object {
            "onSetState": true,
          },
          "getDerivedStateFromProps": true,
          "getSnapshotBeforeUpdate": true,
          "setState": Object {
            "skipsComponentDidUpdateOnNullish": true,
          },
        },
      },
    },
  },
}
`;
