// Jest Snapshot v1, https://goo.gl/fbAQLP

exports[`QuizInstructions Component should match the snapshot 1`] = `
ShallowWrapper {
  Symbol(enzyme.__root__): [Circular],
  Symbol(enzyme.__unrendered__): <QuizInstructions />,
  Symbol(enzyme.__renderer__): Object {
    "batchedUpdates": [Function],
    "getNode": [Function],
    "render": [Function],
    "simulateError": [Function],
    "simulateEvent": [Function],
    "unmount": [Function],
  },
  Symbol(enzyme.__node__): Object {
    "instance": null,
    "key": undefined,
    "nodeType": "host",
    "props": Object {
      "children": Array [
        <h1
          className="directions-title"
        >
          Take the quiz to find your 
          <span>
            Spirit Superhero
          </span>
          !
        </h1>,
        <div
          className="directions-container"
        >
          <p
            className="directions"
          >
            We all know that no one in real life looks like a Marvel Comics superhero, but we all feel like one inside. Answer the questions in our brief quiz to choose your Spirit Superhero!
          </p>
          <NavLink
            activeClassName="active"
            aria-current="page"
            className="quiz-nav"
            to="/quiz"
          >
            <h3>
              Match Me!
            </h3>
          </NavLink>
        </div>,
      ],
    },
    "ref": null,
    "rendered": Array [
      Object {
        "instance": null,
        "key": undefined,
        "nodeType": "host",
        "props": Object {
          "children": Array [
            "Take the quiz to find your ",
            <span>
              Spirit Superhero
            </span>,
            "!",
          ],
          "className": "directions-title",
        },
        "ref": null,
        "rendered": Array [
          "Take the quiz to find your ",
          Object {
            "instance": null,
            "key": undefined,
            "nodeType": "host",
            "props": Object {
              "children": "Spirit Superhero",
            },
            "ref": null,
            "rendered": "Spirit Superhero",
            "type": "span",
          },
          "!",
        ],
        "type": "h1",
      },
      Object {
        "instance": null,
        "key": undefined,
        "nodeType": "host",
        "props": Object {
          "children": Array [
            <p
              className="directions"
            >
              We all know that no one in real life looks like a Marvel Comics superhero, but we all feel like one inside. Answer the questions in our brief quiz to choose your Spirit Superhero!
            </p>,
            <NavLink
              activeClassName="active"
              aria-current="page"
              className="quiz-nav"
              to="/quiz"
            >
              <h3>
                Match Me!
              </h3>
            </NavLink>,
          ],
          "className": "directions-container",
        },
        "ref": null,
        "rendered": Array [
          Object {
            "instance": null,
            "key": undefined,
            "nodeType": "host",
            "props": Object {
              "children": "We all know that no one in real life looks like a Marvel Comics superhero, but we all feel like one inside. Answer the questions in our brief quiz to choose your Spirit Superhero!",
              "className": "directions",
            },
            "ref": null,
            "rendered": "We all know that no one in real life looks like a Marvel Comics superhero, but we all feel like one inside. Answer the questions in our brief quiz to choose your Spirit Superhero!",
            "type": "p",
          },
          Object {
            "instance": null,
            "key": undefined,
            "nodeType": "function",
            "props": Object {
              "activeClassName": "active",
              "aria-current": "page",
              "children": <h3>
                Match Me!
              </h3>,
              "className": "quiz-nav",
              "to": "/quiz",
            },
            "ref": null,
            "rendered": Object {
              "instance": null,
              "key": undefined,
              "nodeType": "host",
              "props": Object {
                "children": "Match Me!",
              },
              "ref": null,
              "rendered": "Match Me!",
              "type": "h3",
            },
            "type": [Function],
          },
        ],
        "type": "div",
      },
    ],
    "type": "div",
  },
  Symbol(enzyme.__nodes__): Array [
    Object {
      "instance": null,
      "key": undefined,
      "nodeType": "host",
      "props": Object {
        "children": Array [
          <h1
            className="directions-title"
          >
            Take the quiz to find your 
            <span>
              Spirit Superhero
            </span>
            !
          </h1>,
          <div
            className="directions-container"
          >
            <p
              className="directions"
            >
              We all know that no one in real life looks like a Marvel Comics superhero, but we all feel like one inside. Answer the questions in our brief quiz to choose your Spirit Superhero!
            </p>
            <NavLink
              activeClassName="active"
              aria-current="page"
              className="quiz-nav"
              to="/quiz"
            >
              <h3>
                Match Me!
              </h3>
            </NavLink>
          </div>,
        ],
      },
      "ref": null,
      "rendered": Array [
        Object {
          "instance": null,
          "key": undefined,
          "nodeType": "host",
          "props": Object {
            "children": Array [
              "Take the quiz to find your ",
              <span>
                Spirit Superhero
              </span>,
              "!",
            ],
            "className": "directions-title",
          },
          "ref": null,
          "rendered": Array [
            "Take the quiz to find your ",
            Object {
              "instance": null,
              "key": undefined,
              "nodeType": "host",
              "props": Object {
                "children": "Spirit Superhero",
              },
              "ref": null,
              "rendered": "Spirit Superhero",
              "type": "span",
            },
            "!",
          ],
          "type": "h1",
        },
        Object {
          "instance": null,
          "key": undefined,
          "nodeType": "host",
          "props": Object {
            "children": Array [
              <p
                className="directions"
              >
                We all know that no one in real life looks like a Marvel Comics superhero, but we all feel like one inside. Answer the questions in our brief quiz to choose your Spirit Superhero!
              </p>,
              <NavLink
                activeClassName="active"
                aria-current="page"
                className="quiz-nav"
                to="/quiz"
              >
                <h3>
                  Match Me!
                </h3>
              </NavLink>,
            ],
            "className": "directions-container",
          },
          "ref": null,
          "rendered": Array [
            Object {
              "instance": null,
              "key": undefined,
              "nodeType": "host",
              "props": Object {
                "children": "We all know that no one in real life looks like a Marvel Comics superhero, but we all feel like one inside. Answer the questions in our brief quiz to choose your Spirit Superhero!",
                "className": "directions",
              },
              "ref": null,
              "rendered": "We all know that no one in real life looks like a Marvel Comics superhero, but we all feel like one inside. Answer the questions in our brief quiz to choose your Spirit Superhero!",
              "type": "p",
            },
            Object {
              "instance": null,
              "key": undefined,
              "nodeType": "function",
              "props": Object {
                "activeClassName": "active",
                "aria-current": "page",
                "children": <h3>
                  Match Me!
                </h3>,
                "className": "quiz-nav",
                "to": "/quiz",
              },
              "ref": null,
              "rendered": Object {
                "instance": null,
                "key": undefined,
                "nodeType": "host",
                "props": Object {
                  "children": "Match Me!",
                },
                "ref": null,
                "rendered": "Match Me!",
                "type": "h3",
              },
              "type": [Function],
            },
          ],
          "type": "div",
        },
      ],
      "type": "div",
    },
  ],
  Symbol(enzyme.__options__): Object {
    "adapter": ReactSixteenAdapter {
      "options": Object {
        "enableComponentDidUpdateOnSetState": true,
        "lifecycles": Object {
          "componentDidUpdate": Object {
            "onSetState": true,
          },
          "getDerivedStateFromProps": true,
          "getSnapshotBeforeUpdate": true,
          "setState": Object {
            "skipsComponentDidUpdateOnNullish": true,
          },
        },
      },
    },
  },
}
`;
