// Jest Snapshot v1, https://goo.gl/fbAQLP

exports[`NewHeroSignupForm Component should match the snapshot 1`] = `
ShallowWrapper {
  Symbol(enzyme.__root__): [Circular],
  Symbol(enzyme.__unrendered__): <NewHeroSignupForm />,
  Symbol(enzyme.__renderer__): Object {
    "batchedUpdates": [Function],
    "getNode": [Function],
    "render": [Function],
    "simulateError": [Function],
    "simulateEvent": [Function],
    "unmount": [Function],
  },
  Symbol(enzyme.__node__): Object {
    "instance": null,
    "key": undefined,
    "nodeType": "host",
    "props": Object {
      "children": Array [
        <input
          className="user-name-input"
          name="name"
          onChange={[Function]}
          placeholder="Enter first and last name"
          title="Enter first and last name"
          value=""
        />,
        <input
          className="user-email-input"
          name="email"
          onChange={[Function]}
          placeholder="Enter email address"
          title="Enter email address"
          value=""
        />,
        <input
          className="user-password-input"
          name="password"
          onChange={[Function]}
          placeholder="Enter password"
          title="Enter password"
          type="password"
          value=""
        />,
        <button>
          Match Me!
        </button>,
      ],
      "className": "new-hero-form",
      "onSubmit": [Function],
    },
    "ref": null,
    "rendered": Array [
      Object {
        "instance": null,
        "key": undefined,
        "nodeType": "host",
        "props": Object {
          "className": "user-name-input",
          "name": "name",
          "onChange": [Function],
          "placeholder": "Enter first and last name",
          "title": "Enter first and last name",
          "value": "",
        },
        "ref": null,
        "rendered": null,
        "type": "input",
      },
      Object {
        "instance": null,
        "key": undefined,
        "nodeType": "host",
        "props": Object {
          "className": "user-email-input",
          "name": "email",
          "onChange": [Function],
          "placeholder": "Enter email address",
          "title": "Enter email address",
          "value": "",
        },
        "ref": null,
        "rendered": null,
        "type": "input",
      },
      Object {
        "instance": null,
        "key": undefined,
        "nodeType": "host",
        "props": Object {
          "className": "user-password-input",
          "name": "password",
          "onChange": [Function],
          "placeholder": "Enter password",
          "title": "Enter password",
          "type": "password",
          "value": "",
        },
        "ref": null,
        "rendered": null,
        "type": "input",
      },
      Object {
        "instance": null,
        "key": undefined,
        "nodeType": "host",
        "props": Object {
          "children": "Match Me!",
        },
        "ref": null,
        "rendered": "Match Me!",
        "type": "button",
      },
    ],
    "type": "form",
  },
  Symbol(enzyme.__nodes__): Array [
    Object {
      "instance": null,
      "key": undefined,
      "nodeType": "host",
      "props": Object {
        "children": Array [
          <input
            className="user-name-input"
            name="name"
            onChange={[Function]}
            placeholder="Enter first and last name"
            title="Enter first and last name"
            value=""
          />,
          <input
            className="user-email-input"
            name="email"
            onChange={[Function]}
            placeholder="Enter email address"
            title="Enter email address"
            value=""
          />,
          <input
            className="user-password-input"
            name="password"
            onChange={[Function]}
            placeholder="Enter password"
            title="Enter password"
            type="password"
            value=""
          />,
          <button>
            Match Me!
          </button>,
        ],
        "className": "new-hero-form",
        "onSubmit": [Function],
      },
      "ref": null,
      "rendered": Array [
        Object {
          "instance": null,
          "key": undefined,
          "nodeType": "host",
          "props": Object {
            "className": "user-name-input",
            "name": "name",
            "onChange": [Function],
            "placeholder": "Enter first and last name",
            "title": "Enter first and last name",
            "value": "",
          },
          "ref": null,
          "rendered": null,
          "type": "input",
        },
        Object {
          "instance": null,
          "key": undefined,
          "nodeType": "host",
          "props": Object {
            "className": "user-email-input",
            "name": "email",
            "onChange": [Function],
            "placeholder": "Enter email address",
            "title": "Enter email address",
            "value": "",
          },
          "ref": null,
          "rendered": null,
          "type": "input",
        },
        Object {
          "instance": null,
          "key": undefined,
          "nodeType": "host",
          "props": Object {
            "className": "user-password-input",
            "name": "password",
            "onChange": [Function],
            "placeholder": "Enter password",
            "title": "Enter password",
            "type": "password",
            "value": "",
          },
          "ref": null,
          "rendered": null,
          "type": "input",
        },
        Object {
          "instance": null,
          "key": undefined,
          "nodeType": "host",
          "props": Object {
            "children": "Match Me!",
          },
          "ref": null,
          "rendered": "Match Me!",
          "type": "button",
        },
      ],
      "type": "form",
    },
  ],
  Symbol(enzyme.__options__): Object {
    "adapter": ReactSixteenAdapter {
      "options": Object {
        "enableComponentDidUpdateOnSetState": true,
        "lifecycles": Object {
          "componentDidUpdate": Object {
            "onSetState": true,
          },
          "getDerivedStateFromProps": true,
          "getSnapshotBeforeUpdate": true,
          "setState": Object {
            "skipsComponentDidUpdateOnNullish": true,
          },
        },
      },
    },
  },
}
`;
