// Jest Snapshot v1, https://goo.gl/fbAQLP

exports[`AnswerOption Component should match the snapshot 1`] = `
<li>
  <input
    checked={true}
    className="radio-button"
    disabled=""
    id=""
    name="radio-group"
    onChange={[MockFunction]}
    type="radio"
    value=""
  />
  <label
    className="radio-label"
    htmlFor=""
  />
</li>
`;
